// Jest Snapshot v1, https://goo.gl/fbAQLP

exports[`IndicatorPanel matches snapshot 1`] = `
<div
  class="w-full bg-background border-t border-border"
/>
`;
